#-----------------------------------------------------------
# Webtalk v2019.2 (64-bit)
# SW Build 2708876 on Wed Nov  6 21:40:23 MST 2019
# IP Build 2700528 on Thu Nov  7 00:09:20 MST 2019
# Start of session at: Tue Jul 28 21:12:44 2020
# Process ID: 18560
# Current directory: C:/Users/M.F.M.MUAZ/Desktop/HDL/project/New folder/HDL_Project/HDL_Project/HDL_Project.sim/sim_1/behav/xsim
# Command line: wbtcv.exe -mode batch -source C:/Users/M.F.M.MUAZ/Desktop/HDL/project/New folder/HDL_Project/HDL_Project/HDL_Project.sim/sim_1/behav/xsim/xsim.dir/cfg_tb_out_memory_unit_behav/webtalk/xsim_webtalk.tcl -notrace
# Log file: C:/Users/M.F.M.MUAZ/Desktop/HDL/project/New folder/HDL_Project/HDL_Project/HDL_Project.sim/sim_1/behav/xsim/webtalk.log
# Journal file: C:/Users/M.F.M.MUAZ/Desktop/HDL/project/New folder/HDL_Project/HDL_Project/HDL_Project.sim/sim_1/behav/xsim\webtalk.jou
#-----------------------------------------------------------
source C:/Users/M.F.M.MUAZ/Desktop/HDL/project/New -notrace
